<a
    href="unsupported/relative/url"
    class="link font-semibold inline space-x-1 whitespace-nowrap"
    target="_blank"
    rel="noopener nofollow noreferrer"
>
    <span>Label</span>
</a>
