<a
    href="https://foo.com?url=ourapp.com"
    class="link font-semibold inline space-x-1 whitespace-nowrap"
    target="_blank"
    rel="noopener nofollow noreferrer"
>
    <span>Label</span>
</a>
